// Jest Snapshot v1, https://goo.gl/fbAQLP

exports[`Data Pagination unit tests should render correctly 1`] = `
.c0 {
  margin-top: 20px;
  margin-bottom: 20px;
}

.c1 {
  display: -webkit-box;
  display: -webkit-flex;
  display: -ms-flexbox;
  display: flex;
  -webkit-align-items: center;
  -webkit-box-align: center;
  -ms-flex-align: center;
  align-items: center;
  -webkit-box-pack: center;
  -webkit-justify-content: center;
  -ms-flex-pack: center;
  justify-content: center;
}

.c3 {
  position: absolute;
  top: 0;
  left: 0;
  width: 100%;
  height: 100%;
}

.c6 {
  font-size: 16px;
  font-weight: 400;
  line-height: 20px;
  margin-right: 8px;
  margin-left: 8px;
  color: #243E47;
  white-space: normal;
}

.c5 {
  position: relative;
  display: -webkit-inline-box;
  display: -webkit-inline-flex;
  display: -ms-inline-flexbox;
  display: inline-flex;
  -webkit-box-pack: center;
  -webkit-justify-content: center;
  -ms-flex-pack: center;
  justify-content: center;
  -webkit-align-items: center;
  -webkit-box-align: center;
  -ms-flex-align: center;
  align-items: center;
  width: 16px;
  height: 16px;
  pointer-events: none;
}

.c5[type="button"] .c4 {
  cursor: pointer;
}

.c5 svg {
  width: 16px;
  height: 16px;
  fill: #A6A8AF;
}

.c7 {
  position: relative;
  display: -webkit-inline-box;
  display: -webkit-inline-flex;
  display: -ms-inline-flexbox;
  display: inline-flex;
  -webkit-box-pack: center;
  -webkit-justify-content: center;
  -ms-flex-pack: center;
  justify-content: center;
  -webkit-align-items: center;
  -webkit-box-align: center;
  -ms-flex-align: center;
  align-items: center;
  width: 16px;
  height: 16px;
  pointer-events: none;
}

.c7[type="button"] .c4 {
  cursor: pointer;
}

.c7 svg {
  width: 16px;
  height: 16px;
  fill: #243E47;
}

.c2 {
  display: -webkit-inline-box;
  display: -webkit-inline-flex;
  display: -ms-inline-flexbox;
  display: inline-flex;
  -webkit-align-items: center;
  -webkit-box-align: center;
  -ms-flex-align: center;
  align-items: center;
  -webkit-box-pack: center;
  -webkit-justify-content: center;
  -ms-flex-pack: center;
  justify-content: center;
  position: relative;
  overflow: hidden;
  border: 1px solid transparent;
  border-radius: 50%;
  border-color: transparent;
  background-color: transparent;
  color: #152E3B;
  padding: 8px;
  height: 28px;
  width: 28px;
  font-family: inherit;
  font-size: 10px;
  font-weight: 500;
  text-align: center;
  vertical-align: middle;
  white-space: nowrap;
  cursor: pointer;
  box-sizing: border-box;
  -webkit-transition: -webkit-transform 0.1s ease 0s,background 0.3s ease !important;
  -webkit-transition: transform 0.1s ease 0s,background 0.3s ease !important;
  transition: transform 0.1s ease 0s,background 0.3s ease !important;
}

.c2::before {
  content: "";
  display: block;
  position: absolute;
  top: 0;
  left: 0;
  width: 100%;
  height: 100%;
}

.c2:hover::before {
  background: rgba(255,255,255,0.1);
}

.c2:focus {
  outline: none;
}

.c2:focus-visible::before {
  background: rgba(50,50,50,0.05);
  -webkit-transition: background 0.1s ease-in-out;
  transition: background 0.1s ease-in-out;
}

.c2:active {
  outline: none;
  -webkit-transform: scale(0.96) !important;
  -ms-transform: scale(0.96) !important;
  transform: scale(0.96) !important;
}

.c2:active::before {
  background: rgba(50,50,50,0.05);
  -webkit-transition: background 0.3s ease;
  transition: background 0.3s ease;
}

.c2:disabled {
  color: #CDD0D7;
  cursor: default;
}

.c2:link,
.c2:visited,
.c2:focus {
  -webkit-text-decoration: none;
  text-decoration: none;
}

.c2[type="button"],
.c2[type="reset"],
.c2[type="submit"] {
  -webkit-appearance: none;
}

<div>
  <div
    class="c0"
  >
    <div
      class="c1"
    >
      <button
        class="c2"
        color="secondary"
        shape="circle"
      >
        <div
          class="c3"
        >
          <s
            style="position: absolute; border-radius: 50%; opacity: 0; width: 35px; height: 35px; transform: translate(-50%, -50%); pointer-events: none; background-color: rgba(255, 255, 255, 0.4);"
          />
        </div>
        <i
          class="c4 c5"
          color="black400"
        >
          <svg
            aria-hidden="true"
            class="octicon octicon-chevron-left"
            fill="currentColor"
            height="16"
            role="img"
            style="display: inline-block; user-select: none; vertical-align: text-bottom;"
            viewBox="0 0 16 16"
            width="16"
          >
            <path
              d="M9.78 12.78a.75.75 0 01-1.06 0L4.47 8.53a.75.75 0 010-1.06l4.25-4.25a.75.75 0 011.06 1.06L6.06 8l3.72 3.72a.75.75 0 010 1.06z"
              fill-rule="evenodd"
            />
          </svg>
        </i>
      </button>
      <p
        class="c6"
        color="black800"
        type="B16"
      >
        1
      </p>
      <button
        class="c2"
        color="secondary"
        shape="circle"
      >
        <div
          class="c3"
        >
          <s
            style="position: absolute; border-radius: 50%; opacity: 0; width: 35px; height: 35px; transform: translate(-50%, -50%); pointer-events: none; background-color: rgba(255, 255, 255, 0.4);"
          />
        </div>
        <i
          class="c4 c7"
          color="black800"
        >
          <svg
            aria-hidden="true"
            class="octicon octicon-chevron-right"
            fill="currentColor"
            height="16"
            role="img"
            style="display: inline-block; user-select: none; vertical-align: text-bottom;"
            viewBox="0 0 16 16"
            width="16"
          >
            <path
              d="M6.22 3.22a.75.75 0 011.06 0l4.25 4.25a.75.75 0 010 1.06l-4.25 4.25a.75.75 0 01-1.06-1.06L9.94 8 6.22 4.28a.75.75 0 010-1.06z"
              fill-rule="evenodd"
            />
          </svg>
        </i>
      </button>
    </div>
  </div>
</div>
`;
