// Jest Snapshot v1, https://goo.gl/fbAQLP

exports[`Data Table unit tests should render correctly 1`] = `
.c2 {
  cursor: pointer;
  display: -webkit-box;
  display: -webkit-flex;
  display: -ms-flexbox;
  display: flex;
  -webkit-align-items: center;
  -webkit-box-align: center;
  -ms-flex-align: center;
  align-items: center;
  -webkit-box-pack: justify;
  -webkit-justify-content: space-between;
  -ms-flex-pack: justify;
  justify-content: space-between;
}

.c3 {
  font-size: 12px;
  font-weight: 400;
  line-height: 16px;
  color: #152E3B;
  white-space: normal;
  font-weight: bold;
}

.c5 {
  position: relative;
  display: -webkit-inline-box;
  display: -webkit-inline-flex;
  display: -ms-inline-flexbox;
  display: inline-flex;
  -webkit-box-pack: center;
  -webkit-justify-content: center;
  -ms-flex-pack: center;
  justify-content: center;
  -webkit-align-items: center;
  -webkit-box-align: center;
  -ms-flex-align: center;
  align-items: center;
  width: 16px;
  height: 16px;
  pointer-events: none;
}

.c5[type="button"] .c4 {
  cursor: pointer;
}

.c5 svg {
  width: 16px;
  height: 16px;
  fill: #152E3B;
}

.c0 {
  display: block;
  width: 100%;
  overflow-x: auto;
  border-radius: 4px;
  -moz-border-radius: 4px;
  -webkit-border-radius: 4px;
}

.c0.shadow {
  box-shadow: 0 1px 4px 0 rgba(112,114,125,0.4);
}

.c0 table {
  width: 100%;
}

.c0::-webkit-scrollbar {
  height: 8px;
}

.c0::-webkit-scrollbar-thumb {
  background-color: #dddddd;
  border-radius: 10px;
}

.c0::-webkit-scrollbar-track {
  background-color: #e6e6e659;
}

.c0 {
  box-shadow: 0 1px 4px 0 rgba(112,114,125,0.4);
}

.c1 {
  background-color: #ffffff;
  border-radius: 4px;
  -moz-border-radius: 4px;
  -webkit-border-radius: 4px;
  border-collapse: separate;
}

.c1 thead th {
  background-color: #ffffff;
  color: #70727d;
}

.c1 tbody tr {
  background-color: #f8fbfc;
}

.c1 tbody tr:nth-child(2n) {
  background-color: #ffffff;
}

.c1 th:first-of-type {
  border-radius: 4px 0 0 0;
  -moz-border-radius: 4px 0 0 0;
  -webkit-border-radius: 4px 0 0 0;
}

.c1 th:last-of-type {
  border-radius: 0 4px 0 0;
  -moz-border-radius: 0 4px 0 0;
  -webkit-border-radius: 0 4px 0 0;
}

.c1 tr:last-of-type td:first-of-type {
  border-radius: 0 0 0 4px;
  -moz-border-radius: 0 0 0 4px;
  -webkit-border-radius: 0 0 0 4px;
}

.c1 tr:last-of-type td:last-of-type {
  border-radius: 0 0 4px 0;
  -moz-border-radius: 0 0 4px 0;
  -webkit-border-radius: 0 0 4px 0;
}

.c1 td:first-of-type,
.c1 th:first-of-type {
  border-left: medium none;
}

.c1 th,
.c1 td {
  padding: 14px 24px;
  font-size: 12px;
  vertical-align: middle;
}

.c1 th[rowspan],
.c1 td[rowspan] {
  vertical-align: middle;
}

<div>
  <div
    class="c0"
  >
    <table
      class="c1"
    >
      <thead>
        <tr>
          <th>
            <span
              class="c2"
              cursor="pointer"
            >
              <span
                class="c3"
                color="black900"
                type="B12"
              >
                Username
              </span>
            </span>
          </th>
          <th>
            <span
              class="c2"
              cursor="pointer"
            >
              <span
                class="c3"
                color="black900"
                type="B12"
              >
                Name
              </span>
            </span>
          </th>
          <th>
            <span
              class="c2"
              cursor="pointer"
            >
              <span
                class="c3"
                color="black900"
                type="B12"
              >
                Email
              </span>
              <i
                class="c4 c5"
                color="secondary"
              >
                <svg
                  aria-hidden="true"
                  class="octicon octicon-chevron-up"
                  fill="currentColor"
                  height="16"
                  role="img"
                  style="display: inline-block; user-select: none; vertical-align: text-bottom;"
                  viewBox="0 0 16 16"
                  width="16"
                >
                  <path
                    d="M3.22 9.78a.75.75 0 010-1.06l4.25-4.25a.75.75 0 011.06 0l4.25 4.25a.75.75 0 01-1.06 1.06L8 6.06 4.28 9.78a.75.75 0 01-1.06 0z"
                    fill-rule="evenodd"
                  />
                </svg>
              </i>
            </span>
          </th>
          <th>
            <span
              class="c2"
              cursor="pointer"
            >
              <span
                class="c3"
                color="black900"
                type="B12"
              >
                Gender
              </span>
            </span>
          </th>
          <th>
            <span
              class="c2"
              cursor="pointer"
            >
              <span
                class="c3"
                color="black900"
                type="B12"
              >
                Registered Date
              </span>
            </span>
          </th>
        </tr>
      </thead>
      <tbody>
        <tr>
          <td>
            adityawrdhn
          </td>
          <td>
            adit
             
            w
          </td>
          <td>
            adityawrdhn@gmail.com
          </td>
          <td>
            male
          </td>
          <td>
            27-08-2003 04:56
          </td>
        </tr>
        <tr>
          <td>
            adityawrdhn
          </td>
          <td>
            adit
             
            w
          </td>
          <td>
            adityawrdhn@gmail.com
          </td>
          <td>
            male
          </td>
          <td>
            27-08-2003 04:56
          </td>
        </tr>
        <tr>
          <td>
            adityawrdhn
          </td>
          <td>
            adit
             
            w
          </td>
          <td>
            adityawrdhn@gmail.com
          </td>
          <td>
            male
          </td>
          <td>
            27-08-2003 04:56
          </td>
        </tr>
      </tbody>
    </table>
  </div>
</div>
`;
