// Jest Snapshot v1, https://goo.gl/fbAQLP

exports[`Filter unit tests should not render Filter 1`] = `
.c0 {
  display: -webkit-box;
  display: -webkit-flex;
  display: -ms-flexbox;
  display: flex;
  -webkit-align-items: center;
  -webkit-box-align: center;
  -ms-flex-align: center;
  align-items: center;
  margin-bottom: 40px;
}

.c1 {
  width: 200px;
  margin-right: 16px;
}

.c6 {
  position: relative;
}

.c9 {
  width: 200px;
}

.c8 {
  position: absolute;
  top: 0;
  left: 0;
  width: 100%;
  height: 100%;
}

.c5 {
  position: relative;
  display: -webkit-inline-box;
  display: -webkit-inline-flex;
  display: -ms-inline-flexbox;
  display: inline-flex;
  -webkit-box-pack: center;
  -webkit-justify-content: center;
  -ms-flex-pack: center;
  justify-content: center;
  -webkit-align-items: center;
  -webkit-box-align: center;
  -ms-flex-align: center;
  align-items: center;
  width: 16px;
  height: 16px;
  pointer-events: none;
}

.c5[type="button"] .c4 {
  cursor: pointer;
}

.c5 svg {
  width: 16px;
  height: 16px;
  fill: #152E3B;
}

.c7 {
  display: -webkit-inline-box;
  display: -webkit-inline-flex;
  display: -ms-inline-flexbox;
  display: inline-flex;
  -webkit-align-items: center;
  -webkit-box-align: center;
  -ms-flex-align: center;
  align-items: center;
  -webkit-box-pack: center;
  -webkit-justify-content: center;
  -ms-flex-pack: center;
  justify-content: center;
  position: relative;
  overflow: hidden;
  border: 1px solid transparent;
  border-radius: 8px;
  border-color: transparent;
  background-color: #F4F5F8;
  color: #152E3B;
  padding: 12px 16px;
  height: 40px;
  width: auto;
  font-family: inherit;
  font-size: 14px;
  font-weight: 500;
  text-align: center;
  vertical-align: middle;
  white-space: nowrap;
  cursor: pointer;
  box-sizing: border-box;
  -webkit-transition: -webkit-transform 0.1s ease 0s,background 0.3s ease !important;
  -webkit-transition: transform 0.1s ease 0s,background 0.3s ease !important;
  transition: transform 0.1s ease 0s,background 0.3s ease !important;
  width: 100%;
}

.c7::before {
  content: "";
  display: block;
  position: absolute;
  top: 0;
  left: 0;
  width: 100%;
  height: 100%;
}

.c7:hover::before {
  background: rgba(255,255,255,0.1);
}

.c7:focus {
  outline: none;
}

.c7:focus-visible::before {
  background: rgba(50,50,50,0.05);
  -webkit-transition: background 0.1s ease-in-out;
  transition: background 0.1s ease-in-out;
}

.c7:active {
  outline: none;
  -webkit-transform: scale(0.96) !important;
  -ms-transform: scale(0.96) !important;
  transform: scale(0.96) !important;
}

.c7:active::before {
  background: rgba(50,50,50,0.05);
  -webkit-transition: background 0.3s ease;
  transition: background 0.3s ease;
}

.c7:disabled {
  color: #CDD0D7;
  cursor: default;
}

.c7:link,
.c7:visited,
.c7:focus {
  -webkit-text-decoration: none;
  text-decoration: none;
}

.c7[type="button"],
.c7[type="reset"],
.c7[type="submit"] {
  -webkit-appearance: none;
}

.c10 {
  display: -webkit-inline-box;
  display: -webkit-inline-flex;
  display: -ms-inline-flexbox;
  display: inline-flex;
  -webkit-align-items: center;
  -webkit-box-align: center;
  -ms-flex-align: center;
  align-items: center;
  -webkit-box-pack: center;
  -webkit-justify-content: center;
  -ms-flex-pack: center;
  justify-content: center;
  position: relative;
  overflow: hidden;
  border: 1px solid transparent;
  border-radius: 8px;
  border-color: #152E3B;
  background-color: transparent;
  color: #152E3B;
  padding: 12px 16px;
  height: 40px;
  width: auto;
  font-family: inherit;
  font-size: 14px;
  font-weight: 500;
  text-align: center;
  vertical-align: middle;
  white-space: nowrap;
  cursor: pointer;
  box-sizing: border-box;
  -webkit-transition: -webkit-transform 0.1s ease 0s,background 0.3s ease !important;
  -webkit-transition: transform 0.1s ease 0s,background 0.3s ease !important;
  transition: transform 0.1s ease 0s,background 0.3s ease !important;
}

.c10::before {
  content: "";
  display: block;
  position: absolute;
  top: 0;
  left: 0;
  width: 100%;
  height: 100%;
}

.c10:hover::before {
  background: rgba(255,255,255,0.1);
}

.c10:focus {
  outline: none;
}

.c10:focus-visible::before {
  background: rgba(50,50,50,0.05);
  -webkit-transition: background 0.1s ease-in-out;
  transition: background 0.1s ease-in-out;
}

.c10:active {
  outline: none;
  -webkit-transform: scale(0.96) !important;
  -ms-transform: scale(0.96) !important;
  transform: scale(0.96) !important;
}

.c10:active::before {
  background: rgba(50,50,50,0.05);
  -webkit-transition: background 0.3s ease;
  transition: background 0.3s ease;
}

.c10:disabled {
  border-color: #CDD0D7;
  color: #CDD0D7;
  cursor: default;
}

.c10:link,
.c10:visited,
.c10:focus {
  -webkit-text-decoration: none;
  text-decoration: none;
}

.c10[type="button"],
.c10[type="reset"],
.c10[type="submit"] {
  -webkit-appearance: none;
}

.c2 {
  width: 100%;
  box-sizing: border-box;
  position: relative;
  display: block;
  -webkit-transition: all 0.5s ease;
  transition: all 0.5s ease;
}

.c2 .icon-search {
  top: 12px;
  right: 12px;
  position: absolute;
}

.c3 {
  box-shadow: none;
  margin-left: 0;
  height: 40px !important;
  border-color: transparent;
  background-color: #F4F5F8;
  color: #243E47;
  padding: 10px 34px 10px 10px;
  display: -webkit-box;
  display: -webkit-flex;
  display: -ms-flexbox;
  display: flex;
  -webkit-align-items: center;
  -webkit-box-align: center;
  -ms-flex-align: center;
  align-items: center;
  width: 100%;
  box-sizing: border-box;
  font-size: 14px;
  line-height: 20px;
  border-radius: 8px;
  -webkit-transition: all 0.5s ease;
  transition: all 0.5s ease;
}

<div>
  <div
    class="c0"
  >
    <div
      class="c1"
      width="200"
    >
      <div
        class="c2"
      >
        <input
          class="c3"
          placeholder="Type your search here..."
          value="xxx"
        />
        <i
          class="c4 c5 icon-search"
          color="secondary"
        >
          <svg
            aria-hidden="true"
            class="octicon octicon-search"
            fill="currentColor"
            height="16"
            role="img"
            style="display: inline-block; user-select: none; vertical-align: text-bottom;"
            viewBox="0 0 16 16"
            width="16"
          >
            <path
              d="M11.5 7a4.499 4.499 0 11-8.998 0A4.499 4.499 0 0111.5 7zm-.82 4.74a6 6 0 111.06-1.06l3.04 3.04a.75.75 0 11-1.06 1.06l-3.04-3.04z"
              fill-rule="evenodd"
            />
          </svg>
        </i>
      </div>
    </div>
    <div
      class="c1"
      width="200"
    >
      <div
        class="c6"
      >
        <button
          class="c7"
          color="secondary"
          shape="rectangle"
          style="justify-content: space-between;"
        >
          <div
            class="c8"
          >
            <s
              style="position: absolute; border-radius: 50%; opacity: 0; width: 35px; height: 35px; transform: translate(-50%, -50%); pointer-events: none; background-color: rgba(255, 255, 255, 0.4);"
            />
          </div>
          All
          <i
            class="c4 c5"
            color="secondary"
          >
            <svg
              aria-hidden="true"
              class="octicon octicon-chevron-down"
              fill="currentColor"
              height="16"
              role="img"
              style="display: inline-block; user-select: none; vertical-align: text-bottom;"
              viewBox="0 0 16 16"
              width="16"
            >
              <path
                d="M12.78 6.22a.75.75 0 010 1.06l-4.25 4.25a.75.75 0 01-1.06 0L3.22 7.28a.75.75 0 011.06-1.06L8 9.94l3.72-3.72a.75.75 0 011.06 0z"
                fill-rule="evenodd"
              />
            </svg>
          </i>
        </button>
      </div>
    </div>
    <div
      class="c9"
      width="200"
    >
      <button
        class="c10"
        color="secondary"
        shape="rectangle"
      >
        <div
          class="c8"
        >
          <s
            style="position: absolute; border-radius: 50%; opacity: 0; width: 35px; height: 35px; transform: translate(-50%, -50%); pointer-events: none; background-color: rgba(255, 255, 255, 0.4);"
          />
        </div>
        Reset Filter
      </button>
    </div>
  </div>
</div>
`;

exports[`Filter unit tests should render Filter 1`] = `
.c0 {
  display: -webkit-box;
  display: -webkit-flex;
  display: -ms-flexbox;
  display: flex;
  -webkit-align-items: center;
  -webkit-box-align: center;
  -ms-flex-align: center;
  align-items: center;
  margin-bottom: 40px;
}

.c1 {
  width: 200px;
  margin-right: 16px;
}

.c6 {
  position: relative;
}

.c9 {
  width: 200px;
}

.c8 {
  position: absolute;
  top: 0;
  left: 0;
  width: 100%;
  height: 100%;
}

.c5 {
  position: relative;
  display: -webkit-inline-box;
  display: -webkit-inline-flex;
  display: -ms-inline-flexbox;
  display: inline-flex;
  -webkit-box-pack: center;
  -webkit-justify-content: center;
  -ms-flex-pack: center;
  justify-content: center;
  -webkit-align-items: center;
  -webkit-box-align: center;
  -ms-flex-align: center;
  align-items: center;
  width: 16px;
  height: 16px;
  pointer-events: none;
}

.c5[type="button"] .c4 {
  cursor: pointer;
}

.c5 svg {
  width: 16px;
  height: 16px;
  fill: #152E3B;
}

.c7 {
  display: -webkit-inline-box;
  display: -webkit-inline-flex;
  display: -ms-inline-flexbox;
  display: inline-flex;
  -webkit-align-items: center;
  -webkit-box-align: center;
  -ms-flex-align: center;
  align-items: center;
  -webkit-box-pack: center;
  -webkit-justify-content: center;
  -ms-flex-pack: center;
  justify-content: center;
  position: relative;
  overflow: hidden;
  border: 1px solid transparent;
  border-radius: 8px;
  border-color: transparent;
  background-color: #F4F5F8;
  color: #152E3B;
  padding: 12px 16px;
  height: 40px;
  width: auto;
  font-family: inherit;
  font-size: 14px;
  font-weight: 500;
  text-align: center;
  vertical-align: middle;
  white-space: nowrap;
  cursor: pointer;
  box-sizing: border-box;
  -webkit-transition: -webkit-transform 0.1s ease 0s,background 0.3s ease !important;
  -webkit-transition: transform 0.1s ease 0s,background 0.3s ease !important;
  transition: transform 0.1s ease 0s,background 0.3s ease !important;
  width: 100%;
}

.c7::before {
  content: "";
  display: block;
  position: absolute;
  top: 0;
  left: 0;
  width: 100%;
  height: 100%;
}

.c7:hover::before {
  background: rgba(255,255,255,0.1);
}

.c7:focus {
  outline: none;
}

.c7:focus-visible::before {
  background: rgba(50,50,50,0.05);
  -webkit-transition: background 0.1s ease-in-out;
  transition: background 0.1s ease-in-out;
}

.c7:active {
  outline: none;
  -webkit-transform: scale(0.96) !important;
  -ms-transform: scale(0.96) !important;
  transform: scale(0.96) !important;
}

.c7:active::before {
  background: rgba(50,50,50,0.05);
  -webkit-transition: background 0.3s ease;
  transition: background 0.3s ease;
}

.c7:disabled {
  color: #CDD0D7;
  cursor: default;
}

.c7:link,
.c7:visited,
.c7:focus {
  -webkit-text-decoration: none;
  text-decoration: none;
}

.c7[type="button"],
.c7[type="reset"],
.c7[type="submit"] {
  -webkit-appearance: none;
}

.c10 {
  display: -webkit-inline-box;
  display: -webkit-inline-flex;
  display: -ms-inline-flexbox;
  display: inline-flex;
  -webkit-align-items: center;
  -webkit-box-align: center;
  -ms-flex-align: center;
  align-items: center;
  -webkit-box-pack: center;
  -webkit-justify-content: center;
  -ms-flex-pack: center;
  justify-content: center;
  position: relative;
  overflow: hidden;
  border: 1px solid transparent;
  border-radius: 8px;
  border-color: #152E3B;
  background-color: transparent;
  color: #152E3B;
  padding: 12px 16px;
  height: 40px;
  width: auto;
  font-family: inherit;
  font-size: 14px;
  font-weight: 500;
  text-align: center;
  vertical-align: middle;
  white-space: nowrap;
  cursor: pointer;
  box-sizing: border-box;
  -webkit-transition: -webkit-transform 0.1s ease 0s,background 0.3s ease !important;
  -webkit-transition: transform 0.1s ease 0s,background 0.3s ease !important;
  transition: transform 0.1s ease 0s,background 0.3s ease !important;
}

.c10::before {
  content: "";
  display: block;
  position: absolute;
  top: 0;
  left: 0;
  width: 100%;
  height: 100%;
}

.c10:hover::before {
  background: rgba(255,255,255,0.1);
}

.c10:focus {
  outline: none;
}

.c10:focus-visible::before {
  background: rgba(50,50,50,0.05);
  -webkit-transition: background 0.1s ease-in-out;
  transition: background 0.1s ease-in-out;
}

.c10:active {
  outline: none;
  -webkit-transform: scale(0.96) !important;
  -ms-transform: scale(0.96) !important;
  transform: scale(0.96) !important;
}

.c10:active::before {
  background: rgba(50,50,50,0.05);
  -webkit-transition: background 0.3s ease;
  transition: background 0.3s ease;
}

.c10:disabled {
  border-color: #CDD0D7;
  color: #CDD0D7;
  cursor: default;
}

.c10:link,
.c10:visited,
.c10:focus {
  -webkit-text-decoration: none;
  text-decoration: none;
}

.c10[type="button"],
.c10[type="reset"],
.c10[type="submit"] {
  -webkit-appearance: none;
}

.c2 {
  width: 100%;
  box-sizing: border-box;
  position: relative;
  display: block;
  -webkit-transition: all 0.5s ease;
  transition: all 0.5s ease;
}

.c2 .icon-search {
  top: 12px;
  right: 12px;
  position: absolute;
}

.c3 {
  box-shadow: none;
  margin-left: 0;
  height: 40px !important;
  border-color: transparent;
  background-color: #F4F5F8;
  color: #243E47;
  padding: 10px 34px 10px 10px;
  display: -webkit-box;
  display: -webkit-flex;
  display: -ms-flexbox;
  display: flex;
  -webkit-align-items: center;
  -webkit-box-align: center;
  -ms-flex-align: center;
  align-items: center;
  width: 100%;
  box-sizing: border-box;
  font-size: 14px;
  line-height: 20px;
  border-radius: 8px;
  -webkit-transition: all 0.5s ease;
  transition: all 0.5s ease;
}

<div>
  <div
    class="c0"
  >
    <div
      class="c1"
      width="200"
    >
      <div
        class="c2"
      >
        <input
          class="c3"
          placeholder="Type your search here..."
          value="xxx"
        />
        <i
          class="c4 c5 icon-search"
          color="secondary"
        >
          <svg
            aria-hidden="true"
            class="octicon octicon-search"
            fill="currentColor"
            height="16"
            role="img"
            style="display: inline-block; user-select: none; vertical-align: text-bottom;"
            viewBox="0 0 16 16"
            width="16"
          >
            <path
              d="M11.5 7a4.499 4.499 0 11-8.998 0A4.499 4.499 0 0111.5 7zm-.82 4.74a6 6 0 111.06-1.06l3.04 3.04a.75.75 0 11-1.06 1.06l-3.04-3.04z"
              fill-rule="evenodd"
            />
          </svg>
        </i>
      </div>
    </div>
    <div
      class="c1"
      width="200"
    >
      <div
        class="c6"
      >
        <button
          class="c7"
          color="secondary"
          shape="rectangle"
          style="justify-content: space-between;"
        >
          <div
            class="c8"
          >
            <s
              style="position: absolute; border-radius: 50%; opacity: 0; width: 35px; height: 35px; transform: translate(-50%, -50%); pointer-events: none; background-color: rgba(255, 255, 255, 0.4);"
            />
          </div>
          All
          <i
            class="c4 c5"
            color="secondary"
          >
            <svg
              aria-hidden="true"
              class="octicon octicon-chevron-down"
              fill="currentColor"
              height="16"
              role="img"
              style="display: inline-block; user-select: none; vertical-align: text-bottom;"
              viewBox="0 0 16 16"
              width="16"
            >
              <path
                d="M12.78 6.22a.75.75 0 010 1.06l-4.25 4.25a.75.75 0 01-1.06 0L3.22 7.28a.75.75 0 011.06-1.06L8 9.94l3.72-3.72a.75.75 0 011.06 0z"
                fill-rule="evenodd"
              />
            </svg>
          </i>
        </button>
      </div>
    </div>
    <div
      class="c9"
      width="200"
    >
      <button
        class="c10"
        color="secondary"
        shape="rectangle"
      >
        <div
          class="c8"
        >
          <s
            style="position: absolute; border-radius: 50%; opacity: 0; width: 35px; height: 35px; transform: translate(-50%, -50%); pointer-events: none; background-color: rgba(255, 255, 255, 0.4);"
          />
        </div>
        Reset Filter
      </button>
    </div>
  </div>
</div>
`;
